<html>
<body>
<pre>
<h1>µVision Build Log</h1>
<h2>Project:</h2>
G:\CDAC-data\final-project\meos-report-final\MEOS_Final\meos31jan\main\test.uvproj
Project File Date:  03/04/2014

<h2>Output:</h2>
Rebuild target 'Target 1'
assembling Startup.s...
compiling main.c...
../task1/task1.c(30): warning:  #167-D: argument of type "unsigned char *" is incompatible with parameter of type "char *restrict"
                        sprintf(t,"%d",data);
save.c(20): warning:  #1-D: last line of file ends without a newline
  }  
load.c(41): warning:  #1-D: last line of file ends without a newline
  } 
main.c(9): warning:  #1295-D: Deprecated declaration pcb_init - give arg types
  void pcb_init();
main.c: 4 warnings, 0 errors
linking...
Program Size: Code=4788 RO-data=32 RW-data=52 ZI-data=1468  
FromELF: creating hex file...
".\test.axf" - 0 Error(s), 4 Warning(s).
</pre>
</body>
</html>
2 Error(s), 4 Warning(s).
Target not created
ist symbol
main.c: 4 warnings, 0 errors
".\test.axf" - 3 Error(s), 4 Warning(s).
Target not created
